split_fingerprint: 7e3d3ff85e624821037ef0c360f9e67451c1fd06976db440f86682ca9a892ac3
---
primary_metric:    0.614140
metric_name:       val_auc
metric_goal:       higher
training_seconds:  1.0
total_seconds:     1.2
train_rows:        46873
val_rows:          5859
status:            ok
--- aux_metrics ---
val_pr_auc:        0.094421
val_logloss:       0.673642
val_brier:         0.240641
val_lift_top10:    1.7360
val_best_threshold: 0.5600
val_f1_at_best:    0.1593
wall_seconds:      1.151679
rung: glm_ohe_balanced
twin_free_rows: 5559
twin_free_auc: 0.615337
twin_free_gap: 0.001198
v1_anchor: 0.625462
anchor_gap: -0.011322
runner_status: ok
runner_exit_code: 0
