replicate_setup: uv sync --locked --extra encoders
Using CPython 3.13.3
Creating virtual environment at: .venv
Resolved 95 packages in 3ms
   Building klein-auto-research @ file:///private/var/folders/nh/j7c3k64d2g3_swv1tnh2kwyw0000gn/T/klein-replicate-i4io7s5y/worktree
      Built klein-auto-research @ file:///private/var/folders/nh/j7c3k64d2g3_swv1tnh2kwyw0000gn/T/klein-replicate-i4io7s5y/worktree
Prepared 1 package in 1.86s
Installed 32 packages in 230ms
 + category-encoders==2.9.0
 + contourpy==1.3.3
 + coverage==7.15.0
 + cycler==0.12.1
 + fonttools==4.63.0
 + iniconfig==2.3.0
 + joblib==1.5.3
 + kiwisolver==1.5.0
 + klein-auto-research==2.0.0 (from file:///private/var/folders/nh/j7c3k64d2g3_swv1tnh2kwyw0000gn/T/klein-replicate-i4io7s5y/worktree)
 + latex2mathml==3.81.0
 + matplotlib==3.11.0
 + narwhals==2.23.0
 + numpy==2.5.1
 + packaging==26.2
 + pandas==3.0.3
 + patsy==1.0.2
 + pillow==12.3.0
 + pluggy==1.6.0
 + pygments==2.20.0
 + pyparsing==3.3.2
 + pytest==9.1.1
 + pytest-cov==7.1.0
 + python-dateutil==2.9.0.post0
 + pyyaml==6.0.3
 + ruff==0.15.21
 + scikit-learn==1.9.0
 + scipy==1.18.0
 + six==1.17.0
 + statsmodels==0.14.6
 + threadpoolctl==3.6.0
 + ziafont==0.11
 + ziamath==0.13
runner_status: ok
runner_exit_code: 0
split_fingerprint: 7e3d3ff85e624821037ef0c360f9e67451c1fd06976db440f86682ca9a892ac3
/private/var/folders/nh/j7c3k64d2g3_swv1tnh2kwyw0000gn/T/klein-replicate-i4io7s5y/worktree/.venv/lib/python3.13/site-packages/sklearn/linear_model/_sag.py:348: ConvergenceWarning: The max_iter was reached which means the coef_ did not converge
  warnings.warn(
/private/var/folders/nh/j7c3k64d2g3_swv1tnh2kwyw0000gn/T/klein-replicate-i4io7s5y/worktree/.venv/lib/python3.13/site-packages/sklearn/linear_model/_sag.py:348: ConvergenceWarning: The max_iter was reached which means the coef_ did not converge
  warnings.warn(
---
primary_metric:    0.664051
metric_name:       val_auc
metric_goal:       higher
training_seconds:  1.7
total_seconds:     155.8
train_rows:        46873
val_rows:          5859
status:            ok
--- aux_metrics ---
val_pr_auc:        0.111610
val_logloss:       0.633969
val_brier:         0.223529
val_lift_top10:    2.2167
val_best_threshold: 0.5800
val_f1_at_best:    0.1866
wall_seconds:      155.842520
rung: hgbt_balanced
twin_free_rows: 5559
twin_free_auc: 0.665069
twin_free_gap: 0.001018
v1_anchor: 0.662897
anchor_gap: 0.001154
reference_rung: glm_splines_isotonic
reference_auc: 0.650095
delta_vs_reference: 0.013956
reference_brier: 0.058994
brier_delta_vs_reference: 0.164536
delta_in_floors: 0.3714
runner_status: ok
runner_exit_code: 0
