non-sealed rows: 79  sealed (frozen out): 21
non-sealed groups: 79

========================================================================
LEDGER FLOOR (07 recipe, 08 split) — k=20 group-aware re-draws of the 79 non-sealed rows
========================================================================
anchor (anchor_lda4) development Brier across draws:
  mean 0.0161125  std 0.0141522  range 0.042236
  values [0.000112, 0.030589, 0.028676, 0.000209, 0.00343, 0.020222, 0.010388, 0.006024, 0.015991, 0.033589, 0.029366, 0.009491, 0.002714, 0.000122, 0.000171, 0.006198, 0.01846, 0.024977, 0.042348, 0.039173]

registered rule   2*std, ceil to 3dp      -> minimum_delta = 0.029
protocol default  max(2*std, range/2)     -> 0.0283044
ESCALATION RULE   take the LARGER          -> minimum_delta = 0.029

anchor-only sweep: paired family deltas live in sweeps/rematch_arena.py

--- paste into study.yaml under BOTH tracks' metric (primary AND challenger) ---
      minimum_delta: 0.029   # split-lottery floor, k=20
      noise_floor:
        k: 20
        std: 0.0141522
        range: 0.042236
        mean: 0.0161125
        values: [0.000111672, 0.0305885, 0.028676, 0.000208858, 0.00342994, 0.0202223, 0.0103878, 0.00602426, 0.0159908, 0.0335888, 0.0293664, 0.00949066, 0.00271394, 0.000121646, 0.0001713, 0.00619833, 0.0184598, 0.0249774, 0.0423477, 0.0391734]
        source: "sweeps/ledger_floor.sidecar.tsv"
        measured_after: "E0001"
        method: "split-lottery"
--- end block ---

next: set minimum_delta + noise_floor in study.yaml, commit, then
      klein gate record consult --study . --acknowledged-by <actor> \
        --note "minimum_delta set from the measured split-lottery floor"

MEASUREMENT SWEEP: no winner promoted, no results.tsv row (sweep-rules.md carve-out)
runner_status: ok
runner_exit_code: 0
