declared split: train 60 rows, development 20 rows

========================================================================
K-SEED FIT-NOISE FLOOR — k=5, anchor config, seed varied and nothing else
========================================================================
values [0.027337418587, 0.027337418587, 0.027337418587, 0.027337418587, 0.027337418587]
mean 0.0273374185868  std 0  range 0

RESULT: DEGENERATE — std is exactly 0, as registered.
  LDA is closed form (group means, pooled covariance, one solve): there is
  no optimizer, no subsampling, no initialization for a seed to perturb.
  Fisher's 1936 method has no random seed to vary.
  The registered prediction HELD. Sanctioned reading: ZERO ALGORITHMIC FIT
  RANDOMNESS UNDER FIXED INPUTS — never 'low variance', never 'stable'.

DO NOT paste this block into study.yaml. A zero floor would let any
difference count as a keep — the exact dishonesty the measurement prevents.
Study 09's registered floors are PER-CANDIDATE and PAIRED:
  sweeps/metrology_paired.py  ->  sweeps/candidate_floors.py
  (noise_floor_protocol.estimand: "paired-comparison")

MEASUREMENT SWEEP: no winner promoted, no results.tsv row (sweep-rules.md carve-out)
runner_status: ok
runner_exit_code: 0
