Using CPython 3.13.3
Creating virtual environment at: /private/var/folders/nh/j7c3k64d2g3_swv1tnh2kwyw0000gn/T/klein-replicate-5sk0d5w2/worktree/.venv
   Building klein-auto-research @ file:///private/var/folders/nh/j7c3k64d2g3_swv1tnh2kwyw0000gn/T/klein-replicate-5sk0d5w2/worktree
      Built klein-auto-research @ file:///private/var/folders/nh/j7c3k64d2g3_swv1tnh2kwyw0000gn/T/klein-replicate-5sk0d5w2/worktree
Installed 29 packages in 89ms
Traceback (most recent call last):
  File "/private/var/folders/nh/j7c3k64d2g3_swv1tnh2kwyw0000gn/T/klein-replicate-5sk0d5w2/worktree/studies/10-hubble-1929-replication/analyze.py", line 49, in <module>
  File "/private/var/folders/nh/j7c3k64d2g3_swv1tnh2kwyw0000gn/T/klein-replicate-5sk0d5w2/worktree/kleinlib/eval.py", line 58, in <module>
  File "/private/var/folders/nh/j7c3k64d2g3_swv1tnh2kwyw0000gn/T/klein-replicate-5sk0d5w2/worktree/.venv/lib/python3.13/site-packages/sklearn/__init__.py", line 70, in <module>
  File "/private/var/folders/nh/j7c3k64d2g3_swv1tnh2kwyw0000gn/T/klein-replicate-5sk0d5w2/worktree/.venv/lib/python3.13/site-packages/sklearn/base.py", line 20, in <module>
  File "/private/var/folders/nh/j7c3k64d2g3_swv1tnh2kwyw0000gn/T/klein-replicate-5sk0d5w2/worktree/.venv/lib/python3.13/site-packages/sklearn/utils/__init__.py", line 9, in <module>
  File "/private/var/folders/nh/j7c3k64d2g3_swv1tnh2kwyw0000gn/T/klein-replicate-5sk0d5w2/worktree/.venv/lib/python3.13/site-packages/sklearn/utils/_chunking.py", line 11, in <module>
  File "/private/var/folders/nh/j7c3k64d2g3_swv1tnh2kwyw0000gn/T/klein-replicate-5sk0d5w2/worktree/.venv/lib/python3.13/site-packages/sklearn/utils/_param_validation.py", line 17, in <module>
  File "/private/var/folders/nh/j7c3k64d2g3_swv1tnh2kwyw0000gn/T/klein-replicate-5sk0d5w2/worktree/.venv/lib/python3.13/site-packages/sklearn/utils/validation.py", line 24, in <module>
  File "/private/var/folders/nh/j7c3k64d2g3_swv1tnh2kwyw0000gn/T/klein-replicate-5sk0d5w2/worktree/.venv/lib/python3.13/site-packages/sklearn/utils/_array_api.py", line 16, in <module>
  File "/private/var/folders/nh/j7c3k64d2g3_swv1tnh2kwyw0000gn/T/klein-replicate-5sk0d5w2/worktree/.venv/lib/python3.13/site-packages/scipy/special/__init__.py", line 788, in <module>
  File "/private/var/folders/nh/j7c3k64d2g3_swv1tnh2kwyw0000gn/T/klein-replicate-5sk0d5w2/worktree/.venv/lib/python3.13/site-packages/scipy/special/_basic.py", line 20, in <module>
ImportError: dlopen(/private/var/folders/nh/j7c3k64d2g3_swv1tnh2kwyw0000gn/T/klein-replicate-5sk0d5w2/worktree/.venv/lib/python3.13/site-packages/scipy/special/_specfun.cpython-313-darwin.so, 0x0002): tried: '/private/var/folders/nh/j7c3k64d2g3_swv1tnh2kwyw0000gn/T/klein-replicate-5sk0d5w2/worktree/.venv/lib/python3.13/site-packages/scipy/special/_specfun.cpython-313-darwin.so' (code signature in <FB037F35-3F1A-374D-AB68-1EE84535ACDE> '/private/var/folders/nh/j7c3k64d2g3_swv1tnh2kwyw0000gn/T/klein-replicate-5sk0d5w2/worktree/.venv/lib/python3.13/site-packages/scipy/special/_specfun.cpython-313-darwin.so' not valid for use in process: library load disallowed by system policy), '/System/Volumes/Preboot/Cryptexes/OS/private/var/folders/nh/j7c3k64d2g3_swv1tnh2kwyw0000gn/T/klein-replicate-5sk0d5w2/worktree/.venv/lib/python3.13/site-packages/scipy/special/_specfun.cpython-313-darwin.so' (no such file), '/private/var/folders/nh/j7c3k64d2g3_swv1tnh2kwyw0000gn/T/klein-replicate-5sk0d5w2/worktree/.venv/lib/python3.13/site-packages/scipy/special/_specfun.cpython-313-darwin.so' (no such file)
runner_status: crash
runner_exit_code: 1
