replicate_setup: uv sync --locked
Using CPython 3.13.3
Creating virtual environment at: .venv
Resolved 95 packages in 2ms
   Building klein-auto-research @ file:///Users/xiang/.cache/klein-replicate-tmp/klein-replicate-ci0m7i1p/worktree
      Built klein-auto-research @ file:///Users/xiang/.cache/klein-replicate-tmp/klein-replicate-ci0m7i1p/worktree
Prepared 1 package in 164ms
Installed 29 packages in 103ms
 + contourpy==1.3.3
 + coverage==7.15.0
 + cycler==0.12.1
 + fonttools==4.63.0
 + iniconfig==2.3.0
 + joblib==1.5.3
 + kiwisolver==1.5.0
 + klein-auto-research==2.0.0 (from file:///Users/xiang/.cache/klein-replicate-tmp/klein-replicate-ci0m7i1p/worktree)
 + latex2mathml==3.81.0
 + matplotlib==3.11.0
 + narwhals==2.23.0
 + numpy==2.5.1
 + packaging==26.2
 + pandas==3.0.3
 + pillow==12.3.0
 + pluggy==1.6.0
 + pygments==2.20.0
 + pyparsing==3.3.2
 + pytest==9.1.1
 + pytest-cov==7.1.0
 + python-dateutil==2.9.0.post0
 + pyyaml==6.0.3
 + ruff==0.15.21
 + scikit-learn==1.9.0
 + scipy==1.18.0
 + six==1.17.0
 + threadpoolctl==3.6.0
 + ziafont==0.11
 + ziamath==0.13
runner_status: ok
runner_exit_code: 0
---
primary_metric:    454.337124
metric_name:       k_kms_per_mpc
metric_goal:       lower
training_seconds:  NA
total_seconds:     0.0
train_rows:        NA
val_rows:          NA
status:            ok
--- aux_metrics ---
artifact: tables/jackknife_k.tsv
rows:              24
sha256:            4e07cf0c14a3f13bbb900445e147e1289f8f89a7732621981dff7c923192ae47
wall_seconds:      0.018831
split_fingerprint: 106a725532097219283d5c3bf547d675af5a4b7227101b1d85a413cae0ccfd24
k_full: 454.15844092262836
k_jackknife_mean: 454.3371239860412
jackknife_se: 80.48589430090415
analytic_se: 75.2371053471691
max_abs_influence: 50.02022664066345
max_influence_r_mpc: 2.0
n_objects: 24.0
n_virgo_objects: 4.0
k_without_virgo_group: 531.3472665929448
virgo_group_influence: 77.18882567031648
runner_status: ok
runner_exit_code: 0
