replicate_setup: uv sync --locked
Using CPython 3.13.3
Creating virtual environment at: .venv
Resolved 95 packages in 2ms
   Building klein-auto-research @ file:///private/var/folders/nh/j7c3k64d2g3_swv1tnh2kwyw0000gn/T/klein-replicate-fao7bu0f/worktree
      Built klein-auto-research @ file:///private/var/folders/nh/j7c3k64d2g3_swv1tnh2kwyw0000gn/T/klein-replicate-fao7bu0f/worktree
Prepared 1 package in 163ms
Installed 29 packages in 105ms
 + contourpy==1.3.3
 + coverage==7.15.0
 + cycler==0.12.1
 + fonttools==4.63.0
 + iniconfig==2.3.0
 + joblib==1.5.3
 + kiwisolver==1.5.0
 + klein-auto-research==2.0.0 (from file:///private/var/folders/nh/j7c3k64d2g3_swv1tnh2kwyw0000gn/T/klein-replicate-fao7bu0f/worktree)
 + latex2mathml==3.81.0
 + matplotlib==3.11.0
 + narwhals==2.23.0
 + numpy==2.5.1
 + packaging==26.2
 + pandas==3.0.3
 + pillow==12.3.0
 + pluggy==1.6.0
 + pygments==2.20.0
 + pyparsing==3.3.2
 + pytest==9.1.1
 + pytest-cov==7.1.0
 + python-dateutil==2.9.0.post0
 + pyyaml==6.0.3
 + ruff==0.15.21
 + scikit-learn==1.9.0
 + scipy==1.18.0
 + six==1.17.0
 + threadpoolctl==3.6.0
 + ziafont==0.11
 + ziamath==0.13
runner_status: ok
runner_exit_code: 0
Traceback (most recent call last):
  File "/private/var/folders/nh/j7c3k64d2g3_swv1tnh2kwyw0000gn/T/klein-replicate-fao7bu0f/worktree/.venv/lib/python3.13/site-packages/numpy/_core/__init__.py", line 24, in <module>
  File "/private/var/folders/nh/j7c3k64d2g3_swv1tnh2kwyw0000gn/T/klein-replicate-fao7bu0f/worktree/.venv/lib/python3.13/site-packages/numpy/_core/multiarray.py", line 11, in <module>
ImportError: dlopen(/private/var/folders/nh/j7c3k64d2g3_swv1tnh2kwyw0000gn/T/klein-replicate-fao7bu0f/worktree/.venv/lib/python3.13/site-packages/numpy/_core/_multiarray_umath.cpython-313-darwin.so, 0x0002): tried: '/private/var/folders/nh/j7c3k64d2g3_swv1tnh2kwyw0000gn/T/klein-replicate-fao7bu0f/worktree/.venv/lib/python3.13/site-packages/numpy/_core/_multiarray_umath.cpython-313-darwin.so' (code signature in <9604A53C-3A37-386E-9AFE-68F4D5AF4DFD> '/private/var/folders/nh/j7c3k64d2g3_swv1tnh2kwyw0000gn/T/klein-replicate-fao7bu0f/worktree/.venv/lib/python3.13/site-packages/numpy/_core/_multiarray_umath.cpython-313-darwin.so' not valid for use in process: library load disallowed by system policy), '/System/Volumes/Preboot/Cryptexes/OS/private/var/folders/nh/j7c3k64d2g3_swv1tnh2kwyw0000gn/T/klein-replicate-fao7bu0f/worktree/.venv/lib/python3.13/site-packages/numpy/_core/_multiarray_umath.cpython-313-darwin.so' (no such file), '/private/var/folders/nh/j7c3k64d2g3_swv1tnh2kwyw0000gn/T/klein-replicate-fao7bu0f/worktree/.venv/lib/python3.13/site-packages/numpy/_core/_multiarray_umath.cpython-313-darwin.so' (no such file)

The above exception was the direct cause of the following exception:

Traceback (most recent call last):
  File "/private/var/folders/nh/j7c3k64d2g3_swv1tnh2kwyw0000gn/T/klein-replicate-fao7bu0f/worktree/studies/10-hubble-1929-replication/analyze.py", line 31, in <module>
  File "/private/var/folders/nh/j7c3k64d2g3_swv1tnh2kwyw0000gn/T/klein-replicate-fao7bu0f/worktree/.venv/lib/python3.13/site-packages/numpy/__init__.py", line 109, in <module>
  File "/private/var/folders/nh/j7c3k64d2g3_swv1tnh2kwyw0000gn/T/klein-replicate-fao7bu0f/worktree/.venv/lib/python3.13/site-packages/numpy/__config__.py", line 4, in <module>
  File "/private/var/folders/nh/j7c3k64d2g3_swv1tnh2kwyw0000gn/T/klein-replicate-fao7bu0f/worktree/.venv/lib/python3.13/site-packages/numpy/_core/__init__.py", line 85, in <module>
ImportError: 

IMPORTANT: PLEASE READ THIS FOR ADVICE ON HOW TO SOLVE THIS ISSUE!

Importing the numpy C-extensions failed. This error can happen for
many reasons, often due to issues with your setup or how NumPy was
installed.

We have compiled some common reasons and troubleshooting tips at:

    https://numpy.org/devdocs/user/troubleshooting-importerror.html

Please note and check the following:

  * The Python version is: Python 3.13 from "/private/var/folders/nh/j7c3k64d2g3_swv1tnh2kwyw0000gn/T/klein-replicate-fao7bu0f/worktree/.venv/bin/python3"
  * The NumPy version is: "2.5.1"

and make sure that they are the versions you expect.

Please carefully study the information and documentation linked above.
This is unlikely to be a NumPy issue but will be caused by a bad install
or environment on your machine.

Original error was: dlopen(/private/var/folders/nh/j7c3k64d2g3_swv1tnh2kwyw0000gn/T/klein-replicate-fao7bu0f/worktree/.venv/lib/python3.13/site-packages/numpy/_core/_multiarray_umath.cpython-313-darwin.so, 0x0002): tried: '/private/var/folders/nh/j7c3k64d2g3_swv1tnh2kwyw0000gn/T/klein-replicate-fao7bu0f/worktree/.venv/lib/python3.13/site-packages/numpy/_core/_multiarray_umath.cpython-313-darwin.so' (code signature in <9604A53C-3A37-386E-9AFE-68F4D5AF4DFD> '/private/var/folders/nh/j7c3k64d2g3_swv1tnh2kwyw0000gn/T/klein-replicate-fao7bu0f/worktree/.venv/lib/python3.13/site-packages/numpy/_core/_multiarray_umath.cpython-313-darwin.so' not valid for use in process: library load disallowed by system policy), '/System/Volumes/Preboot/Cryptexes/OS/private/var/folders/nh/j7c3k64d2g3_swv1tnh2kwyw0000gn/T/klein-replicate-fao7bu0f/worktree/.venv/lib/python3.13/site-packages/numpy/_core/_multiarray_umath.cpython-313-darwin.so' (no such file), '/private/var/folders/nh/j7c3k64d2g3_swv1tnh2kwyw0000gn/T/klein-replicate-fao7bu0f/worktree/.venv/lib/python3.13/site-packages/numpy/_core/_multiarray_umath.cpython-313-darwin.so' (no such file)

runner_status: crash
runner_exit_code: 1
