replicate_setup: uv sync --locked
Using CPython 3.13.3
Creating virtual environment at: .venv
Resolved 95 packages in 3ms
   Building klein-auto-research @ file:///private/var/folders/nh/j7c3k64d2g3_swv1tnh2kwyw0000gn/T/klein-replicate-ei04jlen/worktree
      Built klein-auto-research @ file:///private/var/folders/nh/j7c3k64d2g3_swv1tnh2kwyw0000gn/T/klein-replicate-ei04jlen/worktree
Prepared 1 package in 156ms
Installed 29 packages in 91ms
 + contourpy==1.3.3
 + coverage==7.15.0
 + cycler==0.12.1
 + fonttools==4.63.0
 + iniconfig==2.3.0
 + joblib==1.5.3
 + kiwisolver==1.5.0
 + klein-auto-research==2.0.0 (from file:///private/var/folders/nh/j7c3k64d2g3_swv1tnh2kwyw0000gn/T/klein-replicate-ei04jlen/worktree)
 + latex2mathml==3.81.0
 + matplotlib==3.11.0
 + narwhals==2.23.0
 + numpy==2.5.1
 + packaging==26.2
 + pandas==3.0.3
 + pillow==12.3.0
 + pluggy==1.6.0
 + pygments==2.20.0
 + pyparsing==3.3.2
 + pytest==9.1.1
 + pytest-cov==7.1.0
 + python-dateutil==2.9.0.post0
 + pyyaml==6.0.3
 + ruff==0.15.21
 + scikit-learn==1.9.0
 + scipy==1.18.0
 + six==1.17.0
 + threadpoolctl==3.6.0
 + ziafont==0.11
 + ziamath==0.13
runner_status: ok
runner_exit_code: 0
split_fingerprint: 41553e71e4ed5c7bc97bf30e44e4453781c2f00e803c0b3e00bcc439bffa65ed
---
primary_metric:    1.000000
metric_name:       val_auc
metric_goal:       higher
training_seconds:  0.0
total_seconds:     0.1
train_rows:        49
val_rows:          25
status:            ok
--- aux_metrics ---
val_pr_auc:        1.000000
val_logloss:       0.128939
val_brier:         0.038508
val_lift_top10:    2.0833
val_best_threshold: 0.1300
val_f1_at_best:    1.0000
wall_seconds:      0.071455
reference_metric: 1.0
delta_vs_reference: 0.0
delta_in_floors: 0.0
runner_status: ok
runner_exit_code: 0
