split_fingerprint: f151f39a9b684013c01cefc8b68f72bf27de309f69f6a15c89029b95a1544122
---
primary_metric:    0.806201
metric_name:       val_auc
metric_goal:       higher
training_seconds:  0.0
total_seconds:     0.0
train_rows:        12000
val_rows:          4000
status:            ok
--- aux_metrics ---
val_pr_auc:        0.656348
val_logloss:       0.430974
val_brier:         0.132010
val_lift_top10:    3.2676
val_best_threshold: 0.3800
val_f1_at_best:    0.5882
wall_seconds:      0.046441
bayes_auc: 0.884116
gap_to_ideal: 0.077916
gap_in_floors: 10.4555
runner_status: ok
runner_exit_code: 0
