replicate_setup: uv sync --locked
Using CPython 3.13.3
Creating virtual environment at: .venv
Resolved 95 packages in 2ms
   Building klein-auto-research @ file:///Users/xiang/.cache/klein-replicate-tmp/klein-replicate-srfmyhmn/worktree
      Built klein-auto-research @ file:///Users/xiang/.cache/klein-replicate-tmp/klein-replicate-srfmyhmn/worktree
Prepared 1 package in 1.76s
Installed 29 packages in 94ms
 + contourpy==1.3.3
 + coverage==7.15.0
 + cycler==0.12.1
 + fonttools==4.63.0
 + iniconfig==2.3.0
 + joblib==1.5.3
 + kiwisolver==1.5.0
 + klein-auto-research==2.0.0 (from file:///Users/xiang/.cache/klein-replicate-tmp/klein-replicate-srfmyhmn/worktree)
 + latex2mathml==3.81.0
 + matplotlib==3.11.0
 + narwhals==2.23.0
 + numpy==2.5.1
 + packaging==26.2
 + pandas==3.0.3
 + pillow==12.3.0
 + pluggy==1.6.0
 + pygments==2.20.0
 + pyparsing==3.3.2
 + pytest==9.1.1
 + pytest-cov==7.1.0
 + python-dateutil==2.9.0.post0
 + pyyaml==6.0.3
 + ruff==0.15.21
 + scikit-learn==1.9.0
 + scipy==1.18.0
 + six==1.17.0
 + threadpoolctl==3.6.0
 + ziafont==0.11
 + ziamath==0.13
runner_status: ok
runner_exit_code: 0
---
primary_metric:    0.911000
metric_name:       coverage
metric_goal:       higher
training_seconds:  NA
total_seconds:     0.1
train_rows:        NA
val_rows:          NA
status:            ok
--- aux_metrics ---
artifact: tables/coverage_bootstrap_blockB.tsv
rows:              1
sha256:            549885be0218527290642b9a6c757876e802e2cfc44d90cc5e4d72b4e26ae420
wall_seconds:      0.117359
split_fingerprint: 106a725532097219283d5c3bf547d675af5a4b7227101b1d85a413cae0ccfd24
n_rep: 1000.0
n_boot: 500.0
n_obs: 24.0
k_true: 450.0
sigma: 232.91067
nominal_level: 0.95
shortfall_from_nominal: 0.038999999999999924
mean_k_hat: 447.88278394417506
bias: -2.11721605582494
mean_ci_width: 288.8339548715153
seed_block_b: 20260904.0
runner_status: ok
runner_exit_code: 0
