identity anchor OK: 12 statistics, max |deviation| 3.53e-05
---
primary_metric:    0.002026
metric_name:       mean_abs_param_deviation
metric_goal:       lower
training_seconds:  NA
total_seconds:     0.0
train_rows:        NA
val_rows:          NA
status:            ok
--- aux_metrics ---
max_abs_param_deviation: 0.005194765138046953
max_abs_w_deviation: 0.005006716286982016
max_abs_p_deviation: 0.00485721199461997
w_p_deviation_scope: Table 6.9's 18 gQLS cells on ORIGINAL data — Table 6.10 publishes no W/p_W columns, so no 60-cell W comparison exists to measure
n_cells: 60
n_params: 120
params_within_resolution: 119
worst_cell: g2*/log-gumbel
mean_abs_dev_arm_mle: 0.0021359202564885382
mean_abs_dev_arm_mle_star: 0.0022101778317900334
mean_abs_dev_arm_o2: 0.0019354612441417087
mean_abs_dev_arm_o2_star: 0.0019354612441417087
mean_abs_dev_arm_o3: 0.0014665634497312424
mean_abs_dev_arm_o3_star: 0.0014665634497312424
mean_abs_dev_arm_g2: 0.0025893035425136276
mean_abs_dev_arm_g2_star: 0.002621764398854786
mean_abs_dev_arm_g3: 0.0019512761107100725
mean_abs_dev_arm_g3_star: 0.0019512761107100725
sealed_modification: 72.303bn -> 723.03bn (single largest observation x10)
sealed_top_bn: 723.0300000000019
k: 8
grid_table: {"MLE*/log-cauchy":{"mu":22.786285,"pub_mu":22.79,"pub_sigma":0.49,"sigma":0.494221},"MLE*/log-gumbel":{"mu":22.420875,"pub_mu":22.42,"pub_sigma":0.77,"sigma":0.768196},"MLE*/log-laplace":{"mu":22.759735,"pub_mu":22.76,"pub_sigma":0.74,"sigma":0.739911},"MLE*/log-logistic":{"mu":22.777042,"pub_mu":22.78,"pub_sigma":0.53,"sigma":0.531395},"MLE*/lognormal":{"mu":22.876935,"pub_mu":22.88,"pub_sigma":1.1,"sigma":1.097494},"MLE*/pareto1":{"mu":21.541282,"pub_mu":21.54,"pub_sigma":1.34,"sigma":1.335653},"MLE/log-cauchy":{"mu":22.79493,"pub_mu":22.79,"pub_sigma":0.49,"sigma":0.49192},"MLE/log-gumbel":{"mu":22.399555,"pub_mu":22.4,"pub_sigma":0.72,"sigma":0.719648},"MLE/log-laplace":{"mu":22.759735,"pub_mu":22.76,"pub_sigma":0.66,"sigma":0.663158},"MLE/log-logistic":{"mu":22.77479,"pub_mu":22.77,"pub_sigma":0.48,"sigma":0.47666},"MLE/lognormal":{"mu":22.800182,"pub_mu":22.8,"pub_sigma":0.83,"sigma":0.833868},"MLE/pareto1":{"mu":21.541282,"pub_mu":21.54,"pub_sigma":1.26,"sigma":1.2589},"g2*/log-cauchy":{"mu":22.813116,"pub_mu":22.81,"pub_sigma":0.49,"sigma":0.485055},"g2*/log-gumbel":{"mu":22.419468,"pub_mu":22.42,"pub_sigma":0.74,"sigma":0.734805},"g2*/log-laplace":{"mu":22.801264,"pub_mu":22.8,"pub_sigma":0.68,"sigma":0.676863},"g2*/log-logistic":{"mu":22.783164,"pub_mu":22.78,"pub_sigma":0.48,"sigma":0.478089},"g2*/lognormal":{"mu":22.79105,"pub_mu":22.79,"pub_sigma":0.82,"sigma":0.818165},"g2*/pareto1":{"mu":21.528531,"pub_mu":21.53,"pub_sigma":1.34,"sigma":1.336158},"g2/log-cauchy":{"mu":22.813116,"pub_mu":22.81,"pub_sigma":0.49,"sigma":0.485055},"g2/log-gumbel":{"mu":22.419468,"pub_mu":22.42,"pub_sigma":0.73,"sigma":0.734805},"g2/log-laplace":{"mu":22.801264,"pub_mu":22.8,"pub_sigma":0.68,"sigma":0.676863},"g2/log-logistic":{"mu":22.783164,"pub_mu":22.78,"pub_sigma":0.48,"sigma":0.478089},"g2/lognormal":{"mu":22.79105,"pub_mu":22.79,"pub_sigma":0.82,"sigma":0.818165},"g2/pareto1":{"mu":21.528531,"pub_mu":21.53,"pub_sigma":1.34,"sigma":1.336158},"g3*/log-cauchy":{"mu":22.819895,"pub_mu":22.82,"pub_sigma":0.53,"sigma":0.528453},"g3*/log-gumbel":{"mu":22.358687,"pub_mu":22.36,"pub_sigma":0.81,"sigma":0.80668},"g3*/log-laplace":{"mu":22.801264,"pub_mu":22.8,"pub_sigma":0.75,"sigma":0.749788},"g3*/log-logistic":{"mu":22.754046,"pub_mu":22.75,"pub_sigma":0.51,"sigma":0.513947},"g3*/lognormal":{"mu":22.739331,"pub_mu":22.74,"pub_sigma":0.87,"sigma":0.86876},"g3*/pareto1":{"mu":21.448281,"pub_mu":21.45,"pub_sigma":1.42,"sigma":1.424033},"g3/log-cauchy":{"mu":22.819895,"pub_mu":22.82,"pub_sigma":0.53,"sigma":0.528453},"g3/log-gumbel":{"mu":22.358687,"pub_mu":22.36,"pub_sigma":0.81,"sigma":0.80668},"g3/log-laplace":{"mu":22.801264,"pub_mu":22.8,"pub_sigma":0.75,"sigma":0.749788},"g3/log-logistic":{"mu":22.754046,"pub_mu":22.75,"pub_sigma":0.51,"sigma":0.513947},"g3/lognormal":{"mu":22.739331,"pub_mu":22.74,"pub_sigma":0.87,"sigma":0.86876},"g3/pareto1":{"mu":21.448281,"pub_mu":21.45,"pub_sigma":1.42,"sigma":1.424033},"o2*/log-cauchy":{"mu":22.802438,"pub_mu":22.8,"pub_sigma":0.23,"sigma":0.229912},"o2*/log-gumbel":{"mu":22.433574,"pub_mu":22.43,"pub_sigma":0.65,"sigma":0.65063},"o2*/log-laplace":{"mu":22.802438,"pub_mu":22.8,"pub_sigma":0.61,"sigma":0.613016},"o2*/log-logistic":{"mu":22.802438,"pub_mu":22.8,"pub_sigma":0.46,"sigma":0.463385},"o2*/lognormal":{"mu":22.802438,"pub_mu":22.8,"pub_sigma":0.81,"sigma":0.811455},"o2*/pareto1":{"mu":21.981196,"pub_mu":21.98,"pub_sigma":0.83,"sigma":0.829868},"o2/log-cauchy":{"mu":22.802438,"pub_mu":22.8,"pub_sigma":0.23,"sigma":0.229912},"o2/log-gumbel":{"mu":22.433574,"pub_mu":22.43,"pub_sigma":0.65,"sigma":0.65063},"o2/log-laplace":{"mu":22.802438,"pub_mu":22.8,"pub_sigma":0.61,"sigma":0.613016},"o2/log-logistic":{"mu":22.802438,"pub_mu":22.8,"pub_sigma":0.46,"sigma":0.463385},"o2/lognormal":{"mu":22.802438,"pub_mu":22.8,"pub_sigma":0.81,"sigma":0.811455},"o2/pareto1":{"mu":21.981196,"pub_mu":21.98,"pub_sigma":0.83,"sigma":0.829868},"o3*/log-cauchy":{"mu":22.740499,"pub_mu":22.74,"pub_sigma":0.4,"sigma":0.398139},"o3*/log-gumbel":{"mu":22.389187,"pub_mu":22.39,"pub_sigma":0.71,"sigma":0.709479},"o3*/log-laplace":{"mu":22.740499,"pub_mu":22.74,"pub_sigma":0.73,"sigma":0.729816},"o3*/log-logistic":{"mu":22.740499,"pub_mu":22.74,"pub_sigma":0.51,"sigma":0.514206},"o3*/lognormal":{"mu":22.740499,"pub_mu":22.74,"pub_sigma":0.87,"sigma":0.867388},"o3*/pareto1":{"mu":21.91252,"pub_mu":21.91,"pub_sigma":0.93,"sigma":0.932888},"o3/log-cauchy":{"mu":22.740499,"pub_mu":22.74,"pub_sigma":0.4,"sigma":0.398139},"o3/log-gumbel":{"mu":22.389187,"pub_mu":22.39,"pub_sigma":0.71,"sigma":0.709479},"o3/log-laplace":{"mu":22.740499,"pub_mu":22.74,"pub_sigma":0.73,"sigma":0.729816},"o3/log-logistic":{"mu":22.740499,"pub_mu":22.74,"pub_sigma":0.51,"sigma":0.514206},"o3/lognormal":{"mu":22.740499,"pub_mu":22.74,"pub_sigma":0.87,"sigma":0.867388},"o3/pareto1":{"mu":21.91252,"pub_mu":21.91,"pub_sigma":0.93,"sigma":0.932888}}
wall_seconds: 0.01411128044128418
mode: sealed_repro
convention: inverted_cdf
runner_status: ok
runner_exit_code: 0
