replicate_setup: uv sync --locked
Using CPython 3.13.3
Creating virtual environment at: .venv
Resolved 95 packages in 2ms
   Building klein-auto-research @ file:///Users/xiang/.cache/klein-replicate-tmp/klein-replicate-11niyqut/worktree
      Built klein-auto-research @ file:///Users/xiang/.cache/klein-replicate-tmp/klein-replicate-11niyqut/worktree
Prepared 1 package in 169ms
Installed 29 packages in 99ms
 + contourpy==1.3.3
 + coverage==7.15.0
 + cycler==0.12.1
 + fonttools==4.63.0
 + iniconfig==2.3.0
 + joblib==1.5.3
 + kiwisolver==1.5.0
 + klein-auto-research==2.0.0 (from file:///Users/xiang/.cache/klein-replicate-tmp/klein-replicate-11niyqut/worktree)
 + latex2mathml==3.81.0
 + matplotlib==3.11.0
 + narwhals==2.23.0
 + numpy==2.5.1
 + packaging==26.2
 + pandas==3.0.3
 + pillow==12.3.0
 + pluggy==1.6.0
 + pygments==2.20.0
 + pyparsing==3.3.2
 + pytest==9.1.1
 + pytest-cov==7.1.0
 + python-dateutil==2.9.0.post0
 + pyyaml==6.0.3
 + ruff==0.15.21
 + scikit-learn==1.9.0
 + scipy==1.18.0
 + six==1.17.0
 + threadpoolctl==3.6.0
 + ziafont==0.11
 + ziamath==0.13
runner_status: ok
runner_exit_code: 0
---
primary_metric:    728.366015
metric_name:       k_kms_per_mpc
metric_goal:       lower
training_seconds:  NA
total_seconds:     0.0
train_rows:        NA
val_rows:          NA
status:            ok
--- aux_metrics ---
ci_low:            558.930637
ci_high:           1003.887093
n:                 24
wall_seconds:      0.022378
split_fingerprint: 106a725532097219283d5c3bf547d675af5a4b7227101b1d85a413cae0ccfd24
artifact: tables/inverse_vs_forward.tsv
n_boot: 2000.0
k_forward: 454.15844092262836
k_inverse: 728.36601528692
point_difference: 274.2075743642916
paired_mean_difference: 282.63949628059436
paired_se_difference: 115.48471249597496
inverse_minus_forward_se_units: 2.447419144680689
difference_ci_low: 113.85372381237195
difference_ci_high: 564.8125094420406
ratio_inverse_over_forward: 1.6037707320978898
runner_status: ok
runner_exit_code: 0
