split_fingerprint: 41553e71e4ed5c7bc97bf30e44e4453781c2f00e803c0b3e00bcc439bffa65ed
---
primary_metric:    1.000000
metric_name:       val_auc
metric_goal:       higher
training_seconds:  0.1
total_seconds:     0.1
train_rows:        49
val_rows:          25
status:            ok
--- aux_metrics ---
val_pr_auc:        1.000000
val_logloss:       0.012827
val_brier:         0.000945
val_lift_top10:    2.0833
val_best_threshold: 0.1200
val_f1_at_best:    1.0000
wall_seconds:      0.137714
reference_metric: 1.0
delta_vs_reference: -0.0
val_accuracy: 1.0
val_errors: 0
runner_status: ok
runner_exit_code: 0
