replicate_setup: uv sync --locked
Using CPython 3.13.3
Creating virtual environment at: .venv
Resolved 95 packages in 2ms
   Building klein-auto-research @ file:///Users/xiang/.cache/klein-replicate-tmp/klein-replicate-beoz7sv_/worktree
      Built klein-auto-research @ file:///Users/xiang/.cache/klein-replicate-tmp/klein-replicate-beoz7sv_/worktree
Prepared 1 package in 156ms
Installed 29 packages in 77ms
 + contourpy==1.3.3
 + coverage==7.15.0
 + cycler==0.12.1
 + fonttools==4.63.0
 + iniconfig==2.3.0
 + joblib==1.5.3
 + kiwisolver==1.5.0
 + klein-auto-research==2.0.0 (from file:///Users/xiang/.cache/klein-replicate-tmp/klein-replicate-beoz7sv_/worktree)
 + latex2mathml==3.81.0
 + matplotlib==3.11.0
 + narwhals==2.23.0
 + numpy==2.5.1
 + packaging==26.2
 + pandas==3.0.3
 + pillow==12.3.0
 + pluggy==1.6.0
 + pygments==2.20.0
 + pyparsing==3.3.2
 + pytest==9.1.1
 + pytest-cov==7.1.0
 + python-dateutil==2.9.0.post0
 + pyyaml==6.0.3
 + ruff==0.15.21
 + scikit-learn==1.9.0
 + scipy==1.18.0
 + six==1.17.0
 + threadpoolctl==3.6.0
 + ziafont==0.11
 + ziamath==0.13
runner_status: ok
runner_exit_code: 0
---
primary_metric:    454.158441
metric_name:       k_kms_per_mpc
metric_goal:       lower
training_seconds:  NA
total_seconds:     0.0
train_rows:        NA
val_rows:          NA
status:            ok
--- aux_metrics ---
ci_low:            316.648582
ci_high:           603.704762
n:                 24
wall_seconds:      0.021123
split_fingerprint: 106a725532097219283d5c3bf547d675af5a4b7227101b1d85a413cae0ccfd24
artifact: tables/bootstrap_k.tsv
n_boot: 2000.0
seed_block_a: 20260903.0
ci_width: 287.056179860023
bootstrap_se_free: 72.93386164166547
analytic_se_free: 75.2371053471691
probable_error_free: 49.19388967730336
k_origin: 423.9373232316303
ci_low_origin: 342.3080213322117
ci_high_origin: 510.783153397515
hubble_target_k: 465.0
hubble_probable_error: 50.0
target_inside_ci: 1.0
runner_status: ok
runner_exit_code: 0
