replicate_setup: uv sync --locked
Using CPython 3.13.3
Creating virtual environment at: .venv
Resolved 95 packages in 2ms
   Building klein-auto-research @ file:///private/var/folders/nh/j7c3k64d2g3_swv1tnh2kwyw0000gn/T/klein-replicate-btvpxmoa/worktree
      Built klein-auto-research @ file:///private/var/folders/nh/j7c3k64d2g3_swv1tnh2kwyw0000gn/T/klein-replicate-btvpxmoa/worktree
Prepared 1 package in 168ms
Installed 29 packages in 85ms
 + contourpy==1.3.3
 + coverage==7.15.0
 + cycler==0.12.1
 + fonttools==4.63.0
 + iniconfig==2.3.0
 + joblib==1.5.3
 + kiwisolver==1.5.0
 + klein-auto-research==2.0.0 (from file:///private/var/folders/nh/j7c3k64d2g3_swv1tnh2kwyw0000gn/T/klein-replicate-btvpxmoa/worktree)
 + latex2mathml==3.81.0
 + matplotlib==3.11.0
 + narwhals==2.23.0
 + numpy==2.5.1
 + packaging==26.2
 + pandas==3.0.3
 + pillow==12.3.0
 + pluggy==1.6.0
 + pygments==2.20.0
 + pyparsing==3.3.2
 + pytest==9.1.1
 + pytest-cov==7.1.0
 + python-dateutil==2.9.0.post0
 + pyyaml==6.0.3
 + ruff==0.15.21
 + scikit-learn==1.9.0
 + scipy==1.18.0
 + six==1.17.0
 + threadpoolctl==3.6.0
 + ziafont==0.11
 + ziamath==0.13
runner_status: ok
runner_exit_code: 0
Traceback (most recent call last):
  File "/private/var/folders/nh/j7c3k64d2g3_swv1tnh2kwyw0000gn/T/klein-replicate-btvpxmoa/worktree/studies/10-hubble-1929-replication/analyze.py", line 37, in <module>
  File "/private/var/folders/nh/j7c3k64d2g3_swv1tnh2kwyw0000gn/T/klein-replicate-btvpxmoa/worktree/kleinlib/eval.py", line 58, in <module>
  File "/private/var/folders/nh/j7c3k64d2g3_swv1tnh2kwyw0000gn/T/klein-replicate-btvpxmoa/worktree/.venv/lib/python3.13/site-packages/sklearn/metrics/__init__.py", line 6, in <module>
  File "/private/var/folders/nh/j7c3k64d2g3_swv1tnh2kwyw0000gn/T/klein-replicate-btvpxmoa/worktree/.venv/lib/python3.13/site-packages/sklearn/metrics/cluster/__init__.py", line 28, in <module>
  File "/private/var/folders/nh/j7c3k64d2g3_swv1tnh2kwyw0000gn/T/klein-replicate-btvpxmoa/worktree/.venv/lib/python3.13/site-packages/sklearn/metrics/cluster/_unsupervised.py", line 13, in <module>
  File "/private/var/folders/nh/j7c3k64d2g3_swv1tnh2kwyw0000gn/T/klein-replicate-btvpxmoa/worktree/.venv/lib/python3.13/site-packages/sklearn/metrics/pairwise.py", line 19, in <module>
  File "/private/var/folders/nh/j7c3k64d2g3_swv1tnh2kwyw0000gn/T/klein-replicate-btvpxmoa/worktree/.venv/lib/python3.13/site-packages/sklearn/metrics/_pairwise_distances_reduction/__init__.py", line 94, in <module>
  File "/private/var/folders/nh/j7c3k64d2g3_swv1tnh2kwyw0000gn/T/klein-replicate-btvpxmoa/worktree/.venv/lib/python3.13/site-packages/sklearn/metrics/_pairwise_distances_reduction/_dispatcher.py", line 12, in <module>
  File "sklearn/metrics/_pairwise_distances_reduction/_argkmin.pyx", line 1, in init sklearn.metrics._pairwise_distances_reduction._argkmin
ImportError: dlopen(/private/var/folders/nh/j7c3k64d2g3_swv1tnh2kwyw0000gn/T/klein-replicate-btvpxmoa/worktree/.venv/lib/python3.13/site-packages/sklearn/utils/_sorting.cpython-313-darwin.so, 0x0002): tried: '/private/var/folders/nh/j7c3k64d2g3_swv1tnh2kwyw0000gn/T/klein-replicate-btvpxmoa/worktree/.venv/lib/python3.13/site-packages/sklearn/utils/_sorting.cpython-313-darwin.so' (code signature in <E0A5F3ED-29C2-37AC-895F-FEB077BC708F> '/private/var/folders/nh/j7c3k64d2g3_swv1tnh2kwyw0000gn/T/klein-replicate-btvpxmoa/worktree/.venv/lib/python3.13/site-packages/sklearn/utils/_sorting.cpython-313-darwin.so' not valid for use in process: library load disallowed by system policy), '/System/Volumes/Preboot/Cryptexes/OS/private/var/folders/nh/j7c3k64d2g3_swv1tnh2kwyw0000gn/T/klein-replicate-btvpxmoa/worktree/.venv/lib/python3.13/site-packages/sklearn/utils/_sorting.cpython-313-darwin.so' (no such file), '/private/var/folders/nh/j7c3k64d2g3_swv1tnh2kwyw0000gn/T/klein-replicate-btvpxmoa/worktree/.venv/lib/python3.13/site-packages/sklearn/utils/_sorting.cpython-313-darwin.so' (no such file)
runner_status: crash
runner_exit_code: 1
