replicate_setup: uv sync --locked
Using CPython 3.13.3
Creating virtual environment at: .venv
Resolved 95 packages in 2ms
   Building klein-auto-research @ file:///private/var/folders/nh/j7c3k64d2g3_swv1tnh2kwyw0000gn/T/klein-replicate-yp78znub/worktree
      Built klein-auto-research @ file:///private/var/folders/nh/j7c3k64d2g3_swv1tnh2kwyw0000gn/T/klein-replicate-yp78znub/worktree
Prepared 1 package in 1.83s
Installed 29 packages in 86ms
 + contourpy==1.3.3
 + coverage==7.15.0
 + cycler==0.12.1
 + fonttools==4.63.0
 + iniconfig==2.3.0
 + joblib==1.5.3
 + kiwisolver==1.5.0
 + klein-auto-research==2.0.0 (from file:///private/var/folders/nh/j7c3k64d2g3_swv1tnh2kwyw0000gn/T/klein-replicate-yp78znub/worktree)
 + latex2mathml==3.81.0
 + matplotlib==3.11.0
 + narwhals==2.23.0
 + numpy==2.5.1
 + packaging==26.2
 + pandas==3.0.3
 + pillow==12.3.0
 + pluggy==1.6.0
 + pygments==2.20.0
 + pyparsing==3.3.2
 + pytest==9.1.1
 + pytest-cov==7.1.0
 + python-dateutil==2.9.0.post0
 + pyyaml==6.0.3
 + ruff==0.15.21
 + scikit-learn==1.9.0
 + scipy==1.18.0
 + six==1.17.0
 + threadpoolctl==3.6.0
 + ziafont==0.11
 + ziamath==0.13
runner_status: ok
runner_exit_code: 0
---
primary_metric:    1.000000
metric_name:       targets_outside_tolerance
metric_goal:       lower
training_seconds:  NA
total_seconds:     0.0
train_rows:        NA
val_rows:          NA
status:            ok
--- aux_metrics ---
artifact: tables/table1_absolute_magnitudes.tsv
rows:              24
sha256:            0e709cb8bc1cd3fee9ddfcebc741bf9ca054e1543b327cae4a97d4192dda5388
wall_seconds:      0.012735
split_fingerprint: 106a725532097219283d5c3bf547d675af5a4b7227101b1d85a413cae0ccfd24
max_abs_mag_dev: 0.07121254719662495
mean_abs_mag_dev: 0.022133867019204907
n_objects: 24.0
n_outside_tolerance: 3.0
mean_M_t_computed: -15.483270669070984
mean_M_t_printed: -15.479166666666666
paper_printed_mean_M_t: -15.5
abs_gap_printed_column_mean: 0.020833333333333925
runner_status: ok
runner_exit_code: 0
